ESP-ROM:esp32c3-api1-20210207
Build:Feb  7 2021
rst:0x1 (POWERON),boot:0xf (SPI_FAST_FLASH_BOOT)
SPIWP:0xee
mode:DIO, clock div:1
load:0x3fcd5820,len:0x1738
load:0x403cc710,len:0xb9c
load:0x403ce710,len:0x2e4c
entry 0x403cc71a
[0;32mI (30) boot: ESP-IDF v5.3.1-dirty 2nd stage bootloader[0m
[0;32mI (30) boot: compile time Nov 20 2025 10:26:52[0m
[0;32mI (30) boot: chip revision: v0.3[0m
[0;32mI (34) boot.esp32c3: SPI Speed      : 80MHz[0m
[0;32mI (39) boot.esp32c3: SPI Mode       : DIO[0m
[0;32mI (43) boot.esp32c3: SPI Flash Size : 2MB[0m
[0;32mI (48) boot: Enabling RNG early entropy source...[0m
[0;32mI (53) boot: Partition Table:[0m
[0;32mI (57) boot: ## Label            Usage          Type ST Offset   Length[0m
[0;32mI (64) boot:  0 nvs              WiFi data        01 02 00009000 00006000[0m
[0;32mI (72) boot:  1 phy_init         RF data          01 01 0000f000 00001000[0m
[0;32mI (79) boot:  2 factory          factory app      00 00 00010000 00100000[0m
[0;32mI (87) boot: End of partition table[0m
[0;32mI (91) esp_image: segment 0: paddr=00010020 vaddr=3c020020 size=0ba38h ( 47672) map[0m
[0;32mI (107) esp_image: segment 1: paddr=0001ba60 vaddr=3fc8f000 size=01474h (  5236) load[0m
[0;32mI (109) esp_image: segment 2: paddr=0001cedc vaddr=40380000 size=0313ch ( 12604) load[0m
[0;32mI (119) esp_image: segment 3: paddr=00020020 vaddr=42000020 size=1d914h (121108) map[0m
[0;32mI (143) esp_image: segment 4: paddr=0003d93c vaddr=4038313c size=0bd74h ( 48500) load[0m
[0;32mI (157) boot: Loaded app from partition at offset 0x10000[0m
[0;32mI (157) boot: Disabling RNG early entropy source...[0m
[0;32mI (169) cpu_start: Unicore app[0m
[0;32mI (178) cpu_start: Pro cpu start user code[0m
[0;32mI (178) cpu_start: cpu freq: 160000000 Hz[0m
[0;32mI (178) app_init: Application information:[0m
[0;32mI (181) app_init: Project name:     MCU_final_project[0m
[0;32mI (186) app_init: App version:      8538ef0-dirty[0m
[0;32mI (192) app_init: Compile time:     Nov 28 2025 16:35:11[0m
[0;32mI (198) app_init: ELF file SHA256:  b9bc3f221...[0m
[0;32mI (203) app_init: ESP-IDF:          v5.3.1-dirty[0m
[0;32mI (208) efuse_init: Min chip rev:     v0.3[0m
[0;32mI (213) efuse_init: Max chip rev:     v1.99 [0m
[0;32mI (218) efuse_init: Chip rev:         v0.3[0m
[0;32mI (223) heap_init: Initializing. RAM available for dynamic allocation:[0m
[0;32mI (230) heap_init: At 3FC91750 len 0002E8B0 (186 KiB): RAM[0m
[0;32mI (236) heap_init: At 3FCC0000 len 0001C710 (113 KiB): Retention RAM[0m
[0;32mI (243) heap_init: At 3FCDC710 len 00002950 (10 KiB): Retention RAM[0m
[0;32mI (250) heap_init: At 50000200 len 00001DE8 (7 KiB): RTCRAM[0m
[0;32mI (257) spi_flash: detected chip: generic[0m
[0;32mI (261) spi_flash: flash io: dio[0m
[0;33mW (265) spi_flash: Detected size(4096k) larger than the size in the binary image header(2048k). Using the size in the binary image header.[0m
[0;33mW (278) i2c: This driver is an old driver, please migrate your application code to adapt `driver/i2c_master.h`[0m
[0;32mI (289) sleep: Configure to isolate all GPIO pins in sleep state[0m
[0;32mI (296) sleep: Enable automatic switching of GPIO sleep configuration[0m
[0;32mI (303) main_task: Started on CPU0[0m
[0;32mI (303) main_task: Calling app_main()[0m
[0;32mI (303) RTC_OLED: Khá»Ÿi Ä‘á»™ng há»‡ thá»‘ng RTC + OLED[0m
[0;32mI (333) RTC_OLED: Thoi gian: 00:02:45[0m
[0;32mI (1333) RTC_OLED: Thoi gian: 00:02:46[0m
